$ node scripts/run-check.mjs format
[scope:format] files=55 rules=1 (Prettier format)
  .prettierrc.json
  apps/api/package.json
  apps/api/src/index.ts
  apps/api/tsconfig.json
  apps/web/package.json
  apps/web/src/index.ts
  apps/web/tsconfig.json
  apps/worker/package.json
  apps/worker/src/index.ts
  apps/worker/tsconfig.json
  docs/CHECKPOINT.md
  docs/ROADMAP.md
  docs/SPEC.md
  eslint.config.mjs
  KARARLAR.md
  package.json
  packages/ai/package.json
  packages/ai/src/index.ts
  packages/ai/tsconfig.json
  packages/data/package.json
  packages/data/src/index.ts
  packages/data/tsconfig.json
  packages/db/package.json
  packages/db/src/index.ts
  packages/db/tsconfig.json
  packages/engine/package.json
  packages/engine/src/index.ts
  packages/engine/tsconfig.json
  packages/shared/package.json
  packages/shared/src/env.test.ts
  packages/shared/src/env.ts
  packages/shared/src/index.ts
  packages/shared/tsconfig.json
  packages/ui/package.json
  packages/ui/src/index.ts
  packages/ui/tsconfig.json
  pnpm-workspace.yaml
  PROJE-DEVIR-PROMPTU.md
  PROJECT_MEMORY.md
  scripts/check-env-file.mjs
  scripts/check-env-file.test.mjs
  scripts/check-node-version.mjs
  scripts/check-node-version.test.mjs
  scripts/check-tsconfig-types.mjs
  scripts/check-tsconfig-types.test.mjs
  scripts/run-check.mjs
  tools/eslint-local-rules/config.test.mjs
  tools/eslint-local-rules/index.mjs
  tools/eslint-local-rules/no-bare-jsx-text.mjs
  tools/eslint-local-rules/no-bare-jsx-text.test.mjs
  tools/eslint-local-rules/no-hardcoded-path.mjs
  tools/eslint-local-rules/no-hardcoded-path.test.mjs
  tsconfig.base.json
  turbo.json
  vitest.config.mjs
[format] checked=55 failures=0
