$ node scripts/run-check.mjs format:check
[scope:format:check] files=76 rules=1 (Prettier format)
  .github/workflows/ci.yml
  .prettierrc.json
  apps/api/package.json
  apps/api/src/index.ts
  apps/api/tsconfig.json
  apps/web/package.json
  apps/web/src/index.ts
  apps/web/tsconfig.json
  apps/worker/package.json
  apps/worker/src/index.ts
  apps/worker/tsconfig.json
  docker-compose.yml
  docs/CHECKPOINT.md
  docs/reports/1.1-iskelet.md
  docs/reports/1.2-kapilar.md
  docs/ROADMAP.md
  docs/SPEC.md
  eslint.config.mjs
  KARARLAR.md
  package.json
  packages/ai/package.json
  packages/ai/src/index.ts
  packages/ai/tsconfig.json
  packages/data/package.json
  packages/data/src/index.ts
  packages/data/tsconfig.json
  packages/db/package.json
  packages/db/src/index.ts
  packages/db/tsconfig.json
  packages/engine/package.json
  packages/engine/src/index.ts
  packages/engine/tsconfig.json
  packages/shared/package.json
  packages/shared/src/env.test.ts
  packages/shared/src/env.ts
  packages/shared/src/index.ts
  packages/shared/tsconfig.json
  packages/ui/package.json
  packages/ui/src/index.ts
  packages/ui/tsconfig.json
  pnpm-workspace.yaml
  PROJE-DEVIR-PROMPTU.md
  PROJECT_MEMORY.md
  prompts/faz-1.1-devam.md
  prompts/faz-1.1.md
  prompts/faz-1.2.md
  prompts/SABLON.md
  scripts/check-env-file.mjs
  scripts/check-env-file.test.mjs
  scripts/check-node-version.mjs
  scripts/check-node-version.test.mjs
  scripts/check-tsconfig-types.mjs
  scripts/check-tsconfig-types.test.mjs
  scripts/run-check.mjs
  tools/arch-check/canary.json
  tools/arch-check/index.mjs
  tools/ci-wiring.test.mjs
  tools/contract-check/canary.json
  tools/contract-check/index.mjs
  tools/eslint-local-rules/config.test.mjs
  tools/eslint-local-rules/index.mjs
  tools/eslint-local-rules/no-bare-jsx-text.mjs
  tools/eslint-local-rules/no-bare-jsx-text.test.mjs
  tools/eslint-local-rules/no-hardcoded-path.mjs
  tools/eslint-local-rules/no-hardcoded-path.test.mjs
  tools/freshness-check/canary.json
  tools/freshness-check/index.mjs
  tools/gate-support.mjs
  tools/gates.test.mjs
  tools/i18n-check/canary.json
  tools/i18n-check/index.mjs
  tools/money-check/canary.json
  tools/money-check/index.mjs
  tsconfig.base.json
  turbo.json
  vitest.config.mjs
[format:check] checked=76 failures=0
exit=0
